// Jest Snapshot v1, https://goo.gl/fbAQLP

exports[`fukuro-card Snapshot Mounts correctly in the DOM 1`] = `
"<fukuro-card></fukuro-card><style>div{width:100%;padding:1.5em;box-sizing:border-box;box-shadow:0 4px 10px 0 rgba(0,0,0,0.2),0 4px 20px 0 rgba(0,0,0,0.19);border-radius:4px;border-top:10px solid #0066cc}
</style><div>
    <slot></slot>
</div>"
`;
